   Compiling proc-macro2 v1.0.101
   Compiling unicode-ident v1.0.18
   Compiling serde v1.0.219
   Compiling libc v0.2.175
    Checking cfg-if v1.0.3
   Compiling version_check v0.9.5
   Compiling autocfg v1.5.0
   Compiling typenum v1.18.0
   Compiling shlex v1.3.0
   Compiling find-msvc-tools v0.1.0
    Checking memchr v2.7.5
    Checking bytes v1.10.1
   Compiling zerocopy v0.8.26
    Checking subtle v2.6.1
   Compiling parking_lot_core v0.9.11
   Compiling allocator-api2 v0.2.21
   Compiling equivalent v1.0.2
   Compiling foldhash v0.1.5
    Checking pin-project-lite v0.2.16
    Checking scopeguard v1.2.0
   Compiling hashbrown v0.15.5
   Compiling portable-atomic v1.11.1
    Checking futures-core v0.3.31
    Checking critical-section v1.2.0
    Checking futures-io v0.3.31
    Checking futures-sink v0.3.31
    Checking const-oid v0.9.6
   Compiling libm v0.2.15
   Compiling thiserror v1.0.69
   Compiling generic-array v0.14.7
    Checking slab v0.4.11
   Compiling lock_api v0.4.13
    Checking futures-channel v0.3.31
    Checking pin-utils v0.1.0
    Checking futures-task v0.3.31
    Checking cpufeatures v0.2.17
   Compiling rustversion v1.0.22
   Compiling winnow v0.7.13
   Compiling indexmap v2.11.0
   Compiling toml_write v0.1.2
   Compiling num-traits v0.2.19
    Checking byteorder v1.5.0
    Checking arrayvec v0.7.6
   Compiling unicode-xid v0.2.6
   Compiling anyhow v1.0.99
   Compiling thiserror v2.0.16
    Checking static_assertions v1.1.0
   Compiling semver v1.0.26
    Checking itoa v1.0.15
   Compiling aho-corasick v1.1.3
   Compiling regex-syntax v0.8.6
    Checking fnv v1.0.7
   Compiling radium v0.7.0
    Checking tap v1.0.1
   Compiling once_cell v1.21.3
    Checking arrayref v0.3.9
    Checking hex v0.4.3
    Checking funty v2.0.0
    Checking wyz v0.5.1
    Checking byte-slice-cast v1.2.3
   Compiling log v0.4.27
   Compiling crunchy v0.2.4
   Compiling getrandom v0.3.3
    Checking bs58 v0.5.1
   Compiling crossbeam-utils v0.8.21
    Checking bitflags v2.9.3
    Checking base64 v0.22.1
   Compiling paste v1.0.15
    Checking http v1.3.1
    Checking tinyvec_macros v0.1.1
   Compiling prettyplease v0.2.37
    Checking tinyvec v1.10.0
   Compiling lazy_static v1.5.0
   Compiling parity-scale-codec v3.7.5
   Compiling jobserver v0.1.34
   Compiling serde_json v1.0.143
   Compiling quote v1.0.40
   Compiling pkg-config v0.3.32
    Checking keccak v0.1.5
    Checking getrandom v0.2.16
    Checking signal-hook-registry v1.4.6
    Checking mio v1.0.4
    Checking socket2 v0.6.0
    Checking num_cpus v1.17.0
   Compiling regex-automata v0.4.10
   Compiling cc v1.2.35
    Checking ppv-lite86 v0.2.21
   Compiling syn v2.0.106
    Checking rand_core v0.6.4
   Compiling ryu v1.0.20
   Compiling httparse v1.10.1
   Compiling const_format_proc_macros v0.2.34
    Checking tracing-core v0.1.34
    Checking rustc-hex v2.1.0
    Checking bitflags v1.3.2
   Compiling block-buffer v0.10.4
   Compiling crypto-common v0.1.6
    Checking uint v0.10.0
    Checking rustc-hash v2.1.1
    Checking constant_time_eq v0.3.1
   Compiling digest v0.10.7
   Compiling cranelift-srcgen v0.122.0
   Compiling termcolor v1.4.1
    Checking base16ct v0.2.0
   Compiling crc32fast v1.5.0
    Checking blake2b_simd v1.0.3
    Checking ff v0.13.1
   Compiling digest v0.9.0
    Checking opaque-debug v0.3.1
    Checking hash-db v0.16.0
   Compiling cranelift-assembler-x64-meta v0.122.0
    Checking rand_chacha v0.3.1
    Checking http-body v1.0.1
   Compiling ref-cast v1.0.24
   Compiling rustix v1.0.8
   Compiling cranelift-isle v0.122.0
   Compiling cranelift-bitset v0.122.0
    Checking integer-sqrt v0.1.5
    Checking rand v0.8.5
   Compiling libsecp256k1-core v0.3.0
    Checking group v0.13.0
    Checking environmental v1.1.4
    Checking impl-num-traits v0.2.0
    Checking crossbeam-epoch v0.9.18
    Checking unicode-normalization v0.1.22
    Checking errno v0.3.13
   Compiling jam-codec v0.1.1
   Compiling object v0.36.7
    Checking linux-raw-sys v0.9.4
    Checking const_format v0.2.34
   Compiling target-lexicon v0.13.3
   Compiling bitcoin-internals v0.2.0
   Compiling cranelift-codegen-shared v0.122.0
    Checking base64ct v1.8.0
    Checking dyn-clone v1.0.20
    Checking wasmtime-internal-math v35.0.0
   Compiling zstd-sys v2.0.15+zstd.1.5.7
   Compiling secp256k1-sys v0.9.2
    Checking hash256-std-hasher v0.15.2
    Checking password-hash v0.5.0
    Checking fixed-hash v0.8.0
   Compiling libsecp256k1-gen-ecmult v0.3.0
   Compiling libsecp256k1-gen-genmult v0.3.0
    Checking getrandom_or_panic v0.0.3
    Checking bumpalo v3.19.0
    Checking hex-conservative v0.1.2
    Checking arbitrary v1.4.2
    Checking http-body-util v0.1.3
    Checking num-format v0.4.4
   Compiling libsecp256k1 v0.7.2
    Checking bitcoin_hashes v0.13.0
   Compiling cranelift-assembler-x64 v0.122.0
   Compiling ahash v0.8.12
   Compiling regex v1.11.2
    Checking atomic-waker v1.1.2
   Compiling num-conv v0.1.0
   Compiling time-core v0.1.5
    Checking try-lock v0.2.5
    Checking powerfmt v0.2.0
    Checking sp-std v14.0.0 (https://github.com/paritytech/polkadot-sdk.git?tag=polkadot-stable2509#5ab40131)
   Compiling wasmparser v0.235.0
    Checking tower-service v0.3.3
    Checking rustc-demangle v0.1.26
    Checking want v0.3.1
   Compiling time-macros v0.2.23
    Checking httpdate v1.0.3
   Compiling Inflector v0.11.4
   Compiling wasm-encoder v0.235.0
    Checking array-bytes v6.2.3
   Compiling rayon-core v1.13.0
   Compiling cpp_demangle v0.4.5
   Compiling same-file v1.0.6
    Checking cranelift-control v0.122.0
   Compiling zstd-safe v7.2.4
   Compiling walkdir v2.5.0
    Checking crossbeam-deque v0.8.6
    Checking leb128fmt v0.1.0
    Checking dirs-sys-next v0.1.2
   Compiling wasmtime-internal-cache v35.0.0
    Checking nohash-hasher v0.2.0
   Compiling wasmtime-internal-unwinder v35.0.0
    Checking directories-next v2.0.0
   Compiling fs-err v2.11.0
   Compiling prometheus v0.13.4
    Checking wasmtime-internal-jit-icache-coherence v35.0.0
    Checking wasmtime-internal-asm-macros v35.0.0
   Compiling expander v2.2.1
   Compiling common-path v1.0.0
    Checking wasmtime-internal-slab v35.0.0
   Compiling blake2 v0.10.6
   Compiling file-guard v0.2.0
    Checking thread_local v1.1.9
    Checking trie-root v0.18.0
    Checking sharded-slab v0.1.7
    Checking nu-ansi-term v0.50.1
    Checking hashbrown v0.13.2
    Checking adler2 v2.0.1
    Checking memory-db v0.34.0
   Compiling serde_derive v1.0.219
   Compiling zeroize_derive v1.4.2
   Compiling thiserror-impl v1.0.69
   Compiling futures-macro v0.3.31
   Compiling tracing-attributes v0.1.30
   Compiling tokio-macros v2.5.0
   Compiling thiserror-impl v2.0.16
   Compiling impl-trait-for-tuples v0.2.3
   Compiling curve25519-dalek-derive v0.1.1
   Compiling derive_more-impl v1.0.0
    Checking zeroize v1.8.1
   Compiling rlp-derive v0.2.0
   Compiling pulley-macros v35.0.0
    Checking der v0.7.10
    Checking futures-util v0.3.31
   Compiling sp-debug-derive v14.0.0 (https://github.com/paritytech/polkadot-sdk.git?tag=polkadot-stable2509#5ab40131)
   Compiling ref-cast-impl v1.0.24
    Checking sha2 v0.10.9
    Checking hmac v0.12.1
    Checking signature v2.2.0
    Checking derive_more v1.0.0
    Checking sha3 v0.10.8
    Checking rlp v0.6.1
    Checking crypto-bigint v0.5.5
    Checking rfc6979 v0.4.0
   Compiling pulley-interpreter v35.0.0
    Checking crypto-mac v0.8.0
    Checking block-buffer v0.9.0
    Checking merlin v3.0.0
    Checking pbkdf2 v0.12.2
    Checking impl-rlp v0.4.0
    Checking spki v0.7.3
    Checking twox-hash v1.6.3
    Checking hmac v0.8.1
    Checking cobs v0.3.0
    Checking secrecy v0.8.0
   Compiling derive-syn-parse v0.2.0
    Checking pkcs8 v0.10.2
   Compiling wasmtime-internal-versioned-export-macros v35.0.0
    Checking hmac-drbg v0.3.0
    Checking sp-crypto-hashing v0.1.0 (https://github.com/paritytech/polkadot-sdk.git?tag=polkadot-stable2509#5ab40131)
    Checking memfd v0.6.5
    Checking matchers v0.2.0
    Checking miniz_oxide v0.8.9
    Checking schnellru v0.2.4
    Checking sha2 v0.9.9
   Compiling sp-io v43.0.0 (https://github.com/paritytech/polkadot-sdk.git?tag=polkadot-stable2509#5ab40131)
   Compiling wasmtime v35.0.0
   Compiling async-trait v0.1.89
    Checking tuplex v0.1.2
    Checking simple-mermaid v0.1.1
   Compiling synstructure v0.13.2
    Checking parity-wasm v0.45.0
   Compiling proc-macro-warning v1.84.1
   Compiling cranelift-codegen-meta v0.122.0
   Compiling zerofrom-derive v0.1.6
   Compiling yoke-derive v0.8.0
   Compiling displaydoc v0.2.5
   Compiling zerovec-derive v0.11.1
   Compiling syn v1.0.109
   Compiling icu_normalizer_data v2.0.0
   Compiling icu_properties_data v2.0.1
    Checking num-integer v0.1.46
    Checking futures-executor v0.3.31
    Checking smallvec v1.15.1
   Compiling toml_datetime v0.6.11
   Compiling serde_spanned v0.6.9
    Checking either v1.15.0
    Checking bitvec v1.0.1
    Checking tracing v0.1.41
    Checking futures v0.3.31
    Checking ed25519 v2.2.3
   Compiling toml_edit v0.22.27
   Compiling rustc_version v0.4.1
    Checking impl-serde v0.5.0
    Checking serdect v0.2.0
    Checking parking_lot v0.12.4
   Compiling curve25519-dalek v4.1.3
    Checking serde_bytes v0.11.17
    Checking cranelift-entity v0.122.0
    Checking gimli v0.31.1
    Checking regalloc2 v0.12.2
    Checking sec1 v0.7.3
    Checking elliptic-curve v0.13.8
    Checking itertools v0.11.0
    Checking tokio v1.47.1
    Checking ecdsa v0.16.9
   Compiling ss58-registry v1.51.0
    Checking cranelift-bforest v0.122.0
    Checking parity-bip39 v2.0.1
    Checking k256 v0.13.4
    Checking deranged v0.5.3
    Checking postcard v1.1.3
   Compiling proc-macro-crate v3.3.0
   Compiling cranelift-codegen v0.122.0
    Checking ed25519-dalek v2.2.0
    Checking schnorrkel v0.11.5
    Checking ed25519-zebra v4.1.0
   Compiling toml v0.8.23
    Checking addr2line v0.24.2
   Compiling parity-scale-codec-derive v3.7.5
   Compiling scale-info-derive v2.11.6
   Compiling jam-codec-derive v0.1.1
    Checking time v0.3.42
    Checking substrate-bip39 v0.6.0 (https://github.com/paritytech/polkadot-sdk.git?tag=polkadot-stable2509#5ab40131)
    Checking rayon v1.11.0
    Checking itertools v0.14.0
   Compiling docify_macros v0.2.9
    Checking tracing-log v0.2.0
   Compiling sp-runtime-interface-proc-macro v20.0.0 (https://github.com/paritytech/polkadot-sdk.git?tag=polkadot-stable2509#5ab40131)
    Checking secp256k1 v0.28.2
    Checking trie-db v0.30.0
    Checking backtrace v0.3.75
    Checking tracing-subscriber v0.3.20
    Checking docify v0.2.9
   Compiling sp-api-proc-macro v25.0.0 (https://github.com/paritytech/polkadot-sdk.git?tag=polkadot-stable2509#5ab40131)
    Checking sp-panic-handler v13.0.2 (https://github.com/paritytech/polkadot-sdk.git?tag=polkadot-stable2509#5ab40131)
   Compiling sp-version-proc-macro v15.0.0 (https://github.com/paritytech/polkadot-sdk.git?tag=polkadot-stable2509#5ab40131)
    Checking scale-info v2.11.6
    Checking impl-codec v0.7.1
    Checking sp-storage v22.0.0 (https://github.com/paritytech/polkadot-sdk.git?tag=polkadot-stable2509#5ab40131)
    Checking binary-merkle-tree v16.1.0 (https://github.com/paritytech/polkadot-sdk.git?tag=polkadot-stable2509#5ab40131)
    Checking sp-tracing v19.0.0 (https://github.com/paritytech/polkadot-sdk.git?tag=polkadot-stable2509#5ab40131)
    Checking zerofrom v0.1.6
    Checking stable_deref_trait v1.2.0
    Checking num-bigint v0.4.6
   Compiling sp-crypto-hashing-proc-macro v0.1.0 (https://github.com/paritytech/polkadot-sdk.git?tag=polkadot-stable2509#5ab40131)
   Compiling heck v0.5.0
    Checking yoke v0.8.0
   Compiling proc-macro-error-attr v1.0.4
   Compiling proc-macro-error v1.0.4
    Checking litemap v0.8.0
    Checking primitive-types v0.13.1
    Checking bounded-collections v0.3.2
    Checking sp-arithmetic v28.0.0 (https://github.com/paritytech/polkadot-sdk.git?tag=polkadot-stable2509#5ab40131)
    Checking frame-metadata v23.0.0
    Checking zerovec v0.11.4
    Checking writeable v0.6.1
    Checking sp-externalities v0.30.0 (https://github.com/paritytech/polkadot-sdk.git?tag=polkadot-stable2509#5ab40131)
    Checking zerotrie v0.2.2
    Checking futures-timer v3.0.3
    Checking utf8_iter v1.0.4
    Checking percent-encoding v2.3.2
   Compiling pin-project-internal v1.1.10
   Compiling ring v0.17.14
    Checking form_urlencoded v1.2.2
    Checking rustls-pki-types v1.12.0
    Checking untrusted v0.9.0
   Compiling tiny-keccak v2.0.2
    Checking tinystr v0.8.1
    Checking potential_utf v0.1.3
   Compiling rustls v0.23.31
    Checking sp-metadata-ir v0.12.0 (https://github.com/paritytech/polkadot-sdk.git?tag=polkadot-stable2509#5ab40131)
    Checking sp-core v38.1.0 (https://github.com/paritytech/polkadot-sdk.git?tag=polkadot-stable2509#5ab40131)
    Checking tokio-util v0.7.16
    Checking data-encoding v2.9.0
    Checking kvdb v0.13.0
    Checking icu_collections v2.0.0
    Checking icu_locale_core v2.0.0
    Checking wasmprinter v0.235.0
   Compiling macro_magic_core_macros v0.5.1
   Compiling frame-support-procedural-tools-derive v12.0.0 (https://github.com/paritytech/polkadot-sdk.git?tag=polkadot-stable2509#5ab40131)
   Compiling const-random-macro v0.1.16
    Checking sp-database v10.0.0 (https://github.com/paritytech/polkadot-sdk.git?tag=polkadot-stable2509#5ab40131)
   Compiling include_dir_macros v0.7.4
    Checking sp-weights v33.1.0 (https://github.com/paritytech/polkadot-sdk.git?tag=polkadot-stable2509#5ab40131)
    Checking pin-project v1.1.10
   Compiling cfg-expr v0.15.8
   Compiling itertools v0.10.5
   Compiling frame-support-procedural-tools v13.0.1 (https://github.com/paritytech/polkadot-sdk.git?tag=polkadot-stable2509#5ab40131)
   Compiling const-random v0.1.18
    Checking core2 v0.4.0
   Compiling macro_magic_core v0.5.1
   Compiling include_dir v0.7.4
    Checking hkdf v0.12.4
    Checking wasmtime-environ v35.0.0
    Checking h2 v0.4.12
    Checking icu_provider v2.0.0
    Checking tt-call v1.0.9
    Checking unsigned-varint v0.8.0
   Compiling data-encoding-macro-internal v0.1.16
    Checking sha1 v0.10.6
   Compiling macro_magic_macros v0.5.1
    Checking tokio-stream v0.1.17
    Checking icu_properties v2.0.1
    Checking icu_normalizer v2.0.0
    Checking sp-keystore v0.44.1 (https://github.com/paritytech/polkadot-sdk.git?tag=polkadot-stable2509#5ab40131)
    Checking asynchronous-codec v0.6.2
    Checking rand_core v0.9.3
    Checking base-x v0.2.11
   Compiling macro_magic v0.5.1
   Compiling aquamarine v0.5.0
   Compiling frame-support-procedural v35.0.0 (https://github.com/paritytech/polkadot-sdk.git?tag=polkadot-stable2509#5ab40131)
    Checking multihash v0.19.3
    Checking data-encoding-macro v0.1.18
   Compiling minicbor v0.25.1
   Compiling minicbor-derive v0.15.3
    Checking multibase v0.9.1
    Checking unsigned-varint v0.7.2
    Checking quick-protobuf v0.8.1
    Checking rand_chacha v0.9.0
    Checking half v2.6.0
    Checking zstd v0.13.3
   Compiling zstd-safe v6.0.6
    Checking web-time v1.1.0
    Checking openssl-probe v0.1.6
    Checking rustls-native-certs v0.8.1
    Checking rand v0.9.2
    Checking soketto v0.8.1
    Checking multistream-select v0.13.0
    Checking libp2p-identity v0.2.12
    Checking rw-stream-sink v0.4.0
   Compiling derive-where v1.6.0
    Checking void v1.0.2
    Checking concurrent-queue v2.5.0
    Checking idna_adapter v1.2.1
   Compiling proc-macro2-diagnostics v0.10.1
    Checking hyper v1.7.0
    Checking fastrand v2.3.0
    Checking idna v1.1.0
   Compiling bitcoin-io v0.1.3
   Compiling yansi v1.0.1
    Checking tempfile v3.21.0
   Compiling secp256k1-sys v0.10.1
   Compiling uncased v0.9.10
    Checking hex-conservative v0.2.1
    Checking url v2.5.7
   Compiling prost-derive v0.13.5
   Compiling figment v0.10.19
    Checking ipnet v2.11.0
    Checking inlinable_string v0.1.15
    Checking bitcoin_hashes v0.14.0
   Compiling pear_codegen v0.2.9
    Checking multiaddr v0.18.2
   Compiling libp2p-swarm-derive v0.35.0
    Checking polkavm-assembler v0.26.0
   Compiling num-derive v0.4.2
    Checking pear v0.2.9
   Compiling derive_more-impl v2.0.1
    Checking lru v0.12.5
    Checking libp2p-core v0.42.0
   Compiling prost v0.13.5
    Checking polkavm-common v0.26.0
    Checking plutus v1.8.1 (/home/vinawizard/evm-partner-chain/partner-chains/toolkit/utils/plutus)
    Checking cranelift-native v0.122.0
    Checking cranelift-frontend v0.122.0
    Checking zstd v0.12.4
   Compiling enum-as-inner v0.6.1
   Compiling byte-string-derive v1.8.1 (/home/vinawizard/evm-partner-chain/partner-chains/toolkit/utils/byte-string-derivation)
   Compiling plutus-datum-derive v1.8.1 (/home/vinawizard/evm-partner-chain/partner-chains/toolkit/utils/plutus/plutus-datum-derive)
    Checking derive_more v2.0.1
   Compiling fixedbitset v0.5.7
    Checking bech32 v0.11.0
    Checking event-listener v2.5.3
    Checking polkavm-linux-raw v0.26.0
    Checking async-channel v1.9.0
    Checking sp-maybe-compressed-blob v11.0.1 (https://github.com/paritytech/polkadot-sdk.git?tag=polkadot-stable2509#5ab40131)
   Compiling petgraph v0.7.1
   Compiling prost-types v0.13.5
    Checking wasm-instrument v0.4.0
    Checking socket2 v0.5.10
    Checking linked-hash-map v0.5.6
    Checking wasmtime-internal-cranelift v35.0.0
   Compiling multimap v0.10.1
    Checking sc-utils v20.0.0 (https://github.com/paritytech/polkadot-sdk.git?tag=polkadot-stable2509#5ab40131)
    Checking netlink-packet-utils v0.5.2
   Compiling sc-executor-wasmtime v0.41.0 (https://github.com/paritytech/polkadot-sdk.git?tag=polkadot-stable2509#5ab40131)
    Checking anstyle v1.0.11
   Compiling snow v0.9.6
    Checking netlink-packet-core v0.7.0
    Checking polkavm v0.26.0
    Checking asynchronous-codec v0.7.0
    Checking resolv-conf v0.7.4
    Checking libp2p-swarm v0.45.1
    Checking netlink-sys v0.8.7
    Checking futures-bounded v0.2.4
    Checking x25519-dalek v2.0.1
    Checking minimal-lexical v0.2.1
    Checking yamux v0.13.6
   Compiling toml v0.5.11
   Compiling blake3 v1.8.2
    Checking hyper-util v0.1.16
    Checking nix v0.26.4
    Checking hickory-proto v0.24.4
   Compiling synstructure v0.12.6
    Checking quick-protobuf-codec v0.3.1
    Checking netlink-proto v0.11.5
    Checking nom v7.1.3
    Checking netlink-packet-route v0.17.1
   Compiling asn1-rs-derive v0.6.0
   Compiling asn1-rs-impl v0.2.0
   Compiling prost-build v0.13.5
    Checking uint v0.9.5
   Compiling proc-macro-crate v1.1.3
   Compiling ident_case v1.0.1
   Compiling parking_lot_core v0.8.6
   Compiling strsim v0.11.1
   Compiling multihash-derive v0.8.1
    Checking lru-cache v0.1.2
    Checking jsonrpsee-types v0.24.9
    Checking blake2s_simd v1.0.3
   Compiling darling_core v0.20.11
    Checking instant v0.1.13
   Compiling moka v0.12.10
   Compiling mockall_derive v0.13.1
   Compiling oid-registry v0.8.1
    Checking predicates-core v1.0.9
    Checking libp2p-kad v0.46.2
    Checking jsonrpsee-core v0.24.9
    Checking yamux v0.12.1
   Compiling network-interface v2.0.3
    Checking uuid v1.16.0
    Checking crossbeam-channel v0.5.15
    Checking utf-8 v0.7.6
    Checking webpki-roots v0.25.4
    Checking tower-layer v0.3.3
    Checking tagptr v0.2.0
    Checking rusticata-macros v4.1.0
    Checking termtree v0.5.1
    Checking predicates-tree v1.0.12
    Checking libp2p-yamux v0.46.0
    Checking parking_lot v0.11.2
   Compiling litep2p v0.10.0
    Checking predicates v3.1.3
    Checking asn1-rs v0.7.1
    Checking libp2p-allow-block-list v0.4.0
    Checking libp2p-identify v0.45.0
    Checking substrate-prometheus-endpoint v0.17.7 (https://github.com/paritytech/polkadot-sdk.git?tag=polkadot-stable2509#5ab40131)
    Checking sp-trie v41.1.0 (https://github.com/paritytech/polkadot-sdk.git?tag=polkadot-stable2509#5ab40131)
    Checking libp2p-connection-limits v0.4.0
    Checking libp2p-ping v0.45.0
    Checking libp2p-request-response v0.27.0
    Checking hickory-proto v0.25.2
    Checking fragile v2.0.1
    Checking downcast v0.11.0
    Checking iana-time-zone v0.1.63
    Checking wasm-timer v0.2.5
    Checking chrono v0.4.41
    Checking mockall v0.13.1
    Checking tower v0.4.13
    Checking sp-state-machine v0.48.0 (https://github.com/paritytech/polkadot-sdk.git?tag=polkadot-stable2509#5ab40131)
    Checking cid v0.11.1
    Checking simple-dns v0.9.3
    Checking hickory-resolver v0.24.4
    Checking yasna v0.5.2
   Compiling darling_macro v0.20.11
    Checking route-recognizer v0.3.1
   Compiling jsonrpsee-proc-macros v0.24.9
    Checking num-complex v0.4.6
   Compiling darling v0.20.11
    Checking num-rational v0.4.2
    Checking envy v0.4.2
   Compiling serde_with_macros v3.14.0
    Checking jsonrpsee-server v0.24.9
    Checking hashbrown v0.14.5
   Compiling itertools v0.12.1
    Checking der-parser v10.0.0
    Checking libp2p-dns v0.42.0
   Compiling sc-network v0.53.0 (https://github.com/paritytech/polkadot-sdk.git?tag=polkadot-stable2509#5ab40131)
    Checking linked_hash_set v0.1.5
    Checking partial_sort v0.2.0
    Checking rtnetlink v0.13.1
    Checking ip_network v0.4.1
   Compiling rustc-hash v1.1.0
   Compiling glob v0.3.3
    Checking bytemuck v1.23.2
    Checking serde_with v3.14.0
    Checking x509-parser v0.17.0
    Checking generic-array v0.12.4
   Compiling matrixmultiply v0.3.10
    Checking safe_arch v0.7.4
    Checking hex-literal v0.4.1
    Checking multihash v0.17.0
    Checking if-watch v3.2.1
   Compiling clang-sys v1.8.1
    Checking approx v0.5.1
    Checking memmap2 v0.9.8
    Checking subtle v1.0.0
    Checking cryptoxide v0.4.4
    Checking rawpointer v0.2.1
    Checking multiaddr v0.17.1
    Checking cid v0.9.0
    Checking libp2p-mdns v0.46.0
    Checking libp2p-tcp v0.42.0
    Checking hickory-resolver v0.25.2
    Checking crypto-mac v0.7.0
    Checking ethbloom v0.14.1
    Checking wide v0.7.33
    Checking digest v0.8.1
   Compiling libloading v0.8.8
   Compiling prost-derive v0.12.6
   Compiling bindgen v0.65.1
   Compiling unicode-width v0.2.1
    Checking byte-tools v0.3.1
    Checking keystream v1.0.0
   Compiling scratch v1.0.9
    Checking opaque-debug v0.2.3
    Checking chacha v0.3.0
    Checking blake2 v0.8.1
    Checking ethereum-types v0.15.1
    Checking finality-grandpa v0.16.3
   Compiling strum_macros v0.26.4
    Checking cipher v0.2.5
   Compiling tikv-jemalloc-sys v0.5.4+5.3.0-patched
   Compiling link-cplusplus v1.0.11
   Compiling lazycell v1.3.0
   Compiling peeking_take_while v0.1.2
   Compiling convert_case v0.4.0
    Checking crc-catalog v2.4.0
    Checking simba v0.9.0
    Checking sp-rpc v36.0.1 (https://github.com/paritytech/polkadot-sdk.git?tag=polkadot-stable2509#5ab40131)
   Compiling cexpr v0.6.0
    Checking crc v3.3.0
    Checking secp256k1 v0.30.0
    Checking c2-chacha v0.3.3
   Compiling derive_more v0.99.20
    Checking ethereum v0.18.2
    Checking prost v0.12.6
    Checking lioness v0.1.2
    Checking sp-wasm-interface v24.0.0 (https://github.com/paritytech/polkadot-sdk.git?tag=polkadot-stable2509#5ab40131)
   Compiling codespan-reporting v0.12.0
    Checking hashlink v0.8.4
    Checking evm-core v0.43.0 (https://github.com/rust-ethereum/evm.git?branch=v0.x#6917b131)
    Checking fork-tree v13.0.1 (https://github.com/paritytech/polkadot-sdk.git?tag=polkadot-stable2509#5ab40131)
   Compiling sc-chain-spec-derive v12.0.0 (https://github.com/paritytech/polkadot-sdk.git?tag=polkadot-stable2509#5ab40131)
    Checking inout v0.1.4
   Compiling auto_impl v1.3.0
   Compiling derive-new v0.7.0
    Checking rand_distr v0.4.3
   Compiling lz4-sys v1.11.1+lz4-1.10.0
   Compiling bigdecimal v0.4.8
   Compiling cxxbridge-flags v1.0.174
    Checking sp-runtime-interface v32.0.0 (https://github.com/paritytech/polkadot-sdk.git?tag=polkadot-stable2509#5ab40131)
    Checking sc-allocator v34.0.0 (https://github.com/paritytech/polkadot-sdk.git?tag=polkadot-stable2509#5ab40131)
    Checking mixnet v0.7.0
    Checking sc-executor-common v0.41.0 (https://github.com/paritytech/polkadot-sdk.git?tag=polkadot-stable2509#5ab40131)
   Compiling cxx v1.0.174
    Checking cipher v0.4.4
   Compiling cxx-build v1.0.174
   Compiling sc-network-sync v0.52.0 (https://github.com/paritytech/polkadot-sdk.git?tag=polkadot-stable2509#5ab40131)
    Checking rustls-webpki v0.103.4
    Checking evm-runtime v0.43.0 (https://github.com/rust-ethereum/evm.git?branch=v0.x#6917b131)
    Checking universal-hash v0.5.1
   Compiling snap v1.1.1
    Checking polyval v0.6.2
    Checking sc-executor-polkavm v0.38.0 (https://github.com/paritytech/polkadot-sdk.git?tag=polkadot-stable2509#5ab40131)
    Checking nalgebra v0.33.2
    Checking evm-gasometer v0.43.0 (https://github.com/rust-ethereum/evm.git?branch=v0.x#6917b131)
   Compiling num_enum_derive v0.7.5
    Checking num-iter v0.1.45
    Checking console v0.15.11
    Checking num v0.4.3
    Checking evm v0.43.4 (https://github.com/rust-ethereum/evm.git?branch=v0.x#6917b131)
    Checking ghash v0.5.1
    Checking sp-application-crypto v43.0.0 (https://github.com/paritytech/polkadot-sdk.git?tag=polkadot-stable2509#5ab40131)
    Checking sidechain-domain v1.8.1 (/home/vinawizard/evm-partner-chain/partner-chains/toolkit/sidechain/domain)
   Compiling librocksdb-sys v0.11.0+8.1.1
    Checking libp2p-noise v0.45.0
    Checking num_enum v0.7.5
    Checking aes v0.8.4
    Checking ctr v0.9.2
    Checking pallas-codec v0.33.0
    Checking aead v0.5.2
   Compiling serde_derive_internals v0.29.1
   Compiling clear_on_drop v0.2.5
    Checking fs2 v0.4.3
    Checking base58 v0.2.0
    Checking utf8parse v0.2.2
   Compiling schemars v0.8.22
    Checking bech32 v0.9.1
    Checking pallas-crypto v0.33.0
    Checking anstyle-parse v0.2.7
    Checking sp-runtime v44.0.0 (https://github.com/paritytech/polkadot-sdk.git?tag=polkadot-stable2509#5ab40131)
    Checking aes-gcm v0.10.3
   Compiling schemars_derive v0.8.22
   Compiling webpki-roots v1.0.2
    Checking strum v0.26.3
    Checking selection v1.8.1 (/home/vinawizard/evm-partner-chain/partner-chains/toolkit/committee-selection/selection)
   Compiling sc-tracing-proc-macro v11.1.0 (https://github.com/paritytech/polkadot-sdk.git?tag=polkadot-stable2509#5ab40131)
   Compiling xcm-procedural v11.0.2 (https://github.com/paritytech/polkadot-sdk.git?tag=polkadot-stable2509#5ab40131)
   Compiling cxxbridge-macro v1.0.174
   Compiling secp256k1-sys v0.8.2
    Checking memmap2 v0.5.10
   Compiling wasm-opt-sys v0.116.0
    Checking is-terminal v0.4.16
    Checking colorchoice v1.0.4
    Checking hex-literal v1.0.0
    Checking is_terminal_polyfill v1.70.1
    Checking tokio-rustls v0.26.2
    Checking futures-rustls v0.26.0
    Checking tungstenite v0.27.0
    Checking rustls-platform-verifier v0.5.3
    Checking anstyle-query v1.1.4
    Checking unicode-segmentation v1.12.0
   Compiling cfg_aliases v0.1.1
   Compiling parking v2.2.1
    Checking siphasher v0.3.11
    Checking rand_core v0.4.2
   Compiling foldhash v0.2.0
    Checking libp2p-websocket v0.44.0
    Checking linregress v0.5.4
   Compiling event-listener v5.4.1
    Checking hyper-rustls v0.27.7
    Checking jsonrpsee-client-transport v0.24.9
    Checking sp-version v42.0.0 (https://github.com/paritytech/polkadot-sdk.git?tag=polkadot-stable2509#5ab40131)
    Checking sp-inherents v39.0.0 (https://github.com/paritytech/polkadot-sdk.git?tag=polkadot-stable2509#5ab40131)
    Checking sp-staking v41.0.0 (https://github.com/paritytech/polkadot-sdk.git?tag=polkadot-stable2509#5ab40131)
    Checking sc-network-common v0.51.0 (https://github.com/paritytech/polkadot-sdk.git?tag=polkadot-stable2509#5ab40131)
    Checking polkadot-core-primitives v20.0.0 (https://github.com/paritytech/polkadot-sdk.git?tag=polkadot-stable2509#5ab40131)
    Checking rand_os v0.1.3
    Checking jsonrpsee-http-client v0.24.9
   Compiling static_init_macro v1.0.4
    Checking jsonrpsee-ws-client v0.24.9
    Checking libp2p v0.54.1
    Checking anstream v0.6.20
    Checking jsonrpsee v0.24.9
    Checking tokio-tungstenite v0.27.0
    Checking sp-api v39.0.0 (https://github.com/paritytech/polkadot-sdk.git?tag=polkadot-stable2509#5ab40131)
   Compiling wasm-opt-cxx-sys v0.116.0
   Compiling webpki-roots v0.26.11
    Checking polkadot-parachain-primitives v19.0.0 (https://github.com/paritytech/polkadot-sdk.git?tag=polkadot-stable2509#5ab40131)
   Compiling futures-intrusive v0.5.0
    Checking sp-consensus v0.45.0 (https://github.com/paritytech/polkadot-sdk.git?tag=polkadot-stable2509#5ab40131)
    Checking sp-timestamp v39.0.0 (https://github.com/paritytech/polkadot-sdk.git?tag=polkadot-stable2509#5ab40131)
    Checking sp-genesis-builder v0.20.0 (https://github.com/paritytech/polkadot-sdk.git?tag=polkadot-stable2509#5ab40131)
    Checking sc-executor v0.45.0 (https://github.com/paritytech/polkadot-sdk.git?tag=polkadot-stable2509#5ab40131)
    Checking sp-blockchain v42.0.0 (https://github.com/paritytech/polkadot-sdk.git?tag=polkadot-stable2509#5ab40131)
    Checking sp-consensus-slots v0.45.0 (https://github.com/paritytech/polkadot-sdk.git?tag=polkadot-stable2509#5ab40131)
    Checking frame-support v43.0.0 (https://github.com/paritytech/polkadot-sdk.git?tag=polkadot-stable2509#5ab40131)
    Checking sp-block-builder v39.0.0 (https://github.com/paritytech/polkadot-sdk.git?tag=polkadot-stable2509#5ab40131)
    Checking sc-telemetry v30.0.0 (https://github.com/paritytech/polkadot-sdk.git?tag=polkadot-stable2509#5ab40131)
    Checking sp-session v41.0.0 (https://github.com/paritytech/polkadot-sdk.git?tag=polkadot-stable2509#5ab40131)
    Checking sp-consensus-grandpa v26.0.0 (https://github.com/paritytech/polkadot-sdk.git?tag=polkadot-stable2509#5ab40131)
    Checking sp-mixnet v0.17.0 (https://github.com/paritytech/polkadot-sdk.git?tag=polkadot-stable2509#5ab40131)
    Checking sp-session-validator-management v1.8.1 (/home/vinawizard/evm-partner-chain/partner-chains/toolkit/committee-selection/primitives)
    Checking sc-transaction-pool-api v42.0.0 (https://github.com/paritytech/polkadot-sdk.git?tag=polkadot-stable2509#5ab40131)
    Checking sidechain-slots v1.8.1 (/home/vinawizard/evm-partner-chain/partner-chains/toolkit/sidechain/sidechain-slots)
    Checking sc-block-builder v0.47.0 (https://github.com/paritytech/polkadot-sdk.git?tag=polkadot-stable2509#5ab40131)
    Checking sc-client-api v42.0.0 (https://github.com/paritytech/polkadot-sdk.git?tag=polkadot-stable2509#5ab40131)
    Checking sp-offchain v39.0.0 (https://github.com/paritytech/polkadot-sdk.git?tag=polkadot-stable2509#5ab40131)
    Checking sp-authority-discovery v39.0.0 (https://github.com/paritytech/polkadot-sdk.git?tag=polkadot-stable2509#5ab40131)
    Checking sp-statement-store v23.0.0 (https://github.com/paritytech/polkadot-sdk.git?tag=polkadot-stable2509#5ab40131)
    Checking sc-tracing v42.0.0 (https://github.com/paritytech/polkadot-sdk.git?tag=polkadot-stable2509#5ab40131)
   Compiling crossbeam-queue v0.3.12
    Checking ed25519-bip32 v0.4.1
    Checking hashlink v0.9.1
    Checking sc-state-db v0.40.0 (https://github.com/paritytech/polkadot-sdk.git?tag=polkadot-stable2509#5ab40131)
    Checking kvdb-memorydb v0.13.0
    Checking sysinfo v0.30.13
    Checking fp-storage v2.0.0 (/home/vinawizard/evm-partner-chain/frontier/primitives/storage)
    Checking terminal_size v0.4.3
   Compiling blst v0.3.15
    Checking raw-cpuid v11.5.0
   Compiling hashlink v0.10.0
   Compiling indexmap v1.9.3
   Compiling peg-runtime v0.8.5
   Compiling cfg_aliases v0.2.1
    Checking cbor_event v2.4.0
   Compiling noop_proc_macro v0.3.0
   Compiling unicode-bidi v0.3.18
   Compiling camino v1.1.12
    Checking bech32 v0.7.3
   Compiling unicode-properties v0.1.3
   Compiling signal-hook v0.3.18
    Checking unicode-width v0.1.14
    Checking clap_lex v0.7.5
   Compiling option-ext v0.2.0
   Compiling peg-macros v0.8.5
    Checking clap_builder v4.5.46
    Checking quanta v0.12.6
   Compiling static_init v1.0.4
    Checking polkadot-primitives v21.0.0 (https://github.com/paritytech/polkadot-sdk.git?tag=polkadot-stable2509#5ab40131)
   Compiling dirs-sys v0.4.1
    Checking cardano-serialization-lib v14.1.2
   Compiling stringprep v0.1.5
    Checking sp-partner-chains-bridge v1.8.1 (/home/vinawizard/evm-partner-chain/partner-chains/toolkit/bridge/primitives)
    Checking sp-governed-map v1.8.1 (/home/vinawizard/evm-partner-chain/partner-chains/toolkit/governed-map/primitives)
    Checking sp-transaction-pool v39.0.0 (https://github.com/paritytech/polkadot-sdk.git?tag=polkadot-stable2509#5ab40131)
    Checking pallas-addresses v0.33.0
    Checking pallas-primitives v0.33.0
   Compiling atoi v2.0.0
    Checking raw-scripts v8.1.0 (https://github.com/input-output-hk/partner-chains-smart-contracts.git?tag=v8.1.0#08bc5346)
    Checking dashmap v5.5.3
   Compiling sc-network-light v0.52.0 (https://github.com/paritytech/polkadot-sdk.git?tag=polkadot-stable2509#5ab40131)
    Checking pallas-codec v0.32.1
    Checking lz4 v1.28.1
   Compiling clap_derive v4.5.45
    Checking itertools v0.13.0
    Checking parity-db v0.4.13
   Compiling miette-derive v5.10.0
   Compiling md-5 v0.10.6
    Checking threadpool v1.8.1
    Checking spinning_top v0.3.0
    Checking nonzero_ext v0.3.0
   Compiling dotenvy v0.15.7
    Checking nonempty v0.7.0
   Compiling whoami v1.6.1
   Compiling home v0.5.11
   Compiling heck v0.4.1
   Compiling sc-sysinfo v45.0.0 (https://github.com/paritytech/polkadot-sdk.git?tag=polkadot-stable2509#5ab40131)
    Checking arrayvec v0.5.2
    Checking typed-arena v2.0.2
   Compiling sqlx-core v0.8.6
   Compiling slice-group-by v0.3.1
    Checking no-std-compat v0.4.1
    Checking hashbrown v0.12.3
   Compiling semver-parser v0.7.0
    Checking governor v0.6.3
    Checking pretty v0.11.3
    Checking miette v5.10.0
   Compiling semver v0.6.0
   Compiling regalloc2 v0.9.3
    Checking clap v4.5.46
   Compiling strum_macros v0.24.3
    Checking peg v0.8.5
    Checking forwarded-header-value v0.1.1
    Checking pallas-crypto v0.32.1
    Checking secp256k1 v0.26.0
    Checking pallas-traverse v0.33.0
   Compiling dirs v5.0.1
    Checking sp-consensus-aura v0.45.0 (https://github.com/paritytech/polkadot-sdk.git?tag=polkadot-stable2509#5ab40131)
    Checking sp-block-producer-metadata v1.8.1 (/home/vinawizard/evm-partner-chain/partner-chains/toolkit/block-producer-metadata/primitives)
    Checking fraction v0.15.3
    Checking cumulus-primitives-proof-size-hostfunction v0.15.0 (https://github.com/paritytech/polkadot-sdk.git?tag=polkadot-stable2509#5ab40131)
    Checking tower-http v0.5.2
    Checking mio v0.8.11
   Compiling cargo-platform v0.1.9
    Checking rand_pcg v0.3.1
   Compiling sc-consensus-slots v0.52.0 (https://github.com/paritytech/polkadot-sdk.git?tag=polkadot-stable2509#5ab40131)
    Checking sc-network-types v0.19.0 (https://github.com/paritytech/polkadot-sdk.git?tag=polkadot-stable2509#5ab40131)
    Checking hamming v0.1.3
   Compiling sqlx-postgres v0.8.6
   Compiling strum v0.24.1
    Checking sc-consensus v0.52.0 (https://github.com/paritytech/polkadot-sdk.git?tag=polkadot-stable2509#5ab40131)
    Checking time-source v1.8.1 (/home/vinawizard/evm-partner-chain/partner-chains/toolkit/utils/time-source)
    Checking uplc v1.1.19
   Compiling cargo_metadata v0.15.4
    Checking pallas-primitives v0.32.1
    Checking directories v5.0.1
   Compiling polkavm-linker v0.26.0
    Checking partner-chains-plutus-data v1.8.1 (/home/vinawizard/evm-partner-chain/partner-chains/toolkit/smart-contracts/plutus-data)
   Compiling build-helper v0.1.1
    Checking sc-transaction-pool v42.0.0 (https://github.com/paritytech/polkadot-sdk.git?tag=polkadot-stable2509#5ab40131)
    Checking sp-block-participation v1.8.1 (/home/vinawizard/evm-partner-chain/partner-chains/toolkit/block-participation/primitives)
    Checking sp-partner-chains-consensus-aura v1.8.1 (/home/vinawizard/evm-partner-chain/partner-chains/substrate-extensions/aura/primitives)
    Checking sp-transaction-storage-proof v39.0.0 (https://github.com/paritytech/polkadot-sdk.git?tag=polkadot-stable2509#5ab40131)
    Checking fp-consensus v2.0.0-dev (/home/vinawizard/evm-partner-chain/frontier/primitives/consensus)
    Checking sc-keystore v38.0.0 (https://github.com/paritytech/polkadot-sdk.git?tag=polkadot-stable2509#5ab40131)
    Checking tracing-futures v0.2.5
    Checking tokio-retry v0.3.0
    Checking exit-future v0.2.0
    Checking signal-hook-mio v0.2.4
    Checking ogmios-client v1.8.1 (/home/vinawizard/evm-partner-chain/partner-chains/toolkit/utils/ogmios-client)
   Compiling filetime v0.2.26
   Compiling names v0.14.0
    Checking siphasher v1.0.1
    Checking destructure_traitobject v0.2.0
    Checking parity-db v0.5.4
    Checking crossterm v0.25.0
    Checking unsafe-any-ors v1.0.0
    Checking fc-api v1.0.0-dev (/home/vinawizard/evm-partner-chain/frontier/client/api)
    Checking frame-system v43.0.0 (https://github.com/paritytech/polkadot-sdk.git?tag=polkadot-stable2509#5ab40131)
    Checking sp-sidechain v1.8.1 (/home/vinawizard/evm-partner-chain/partner-chains/toolkit/sidechain/primitives)
    Checking fp-evm v3.0.0-dev (/home/vinawizard/evm-partner-chain/frontier/primitives/evm)
    Checking staging-xcm v19.0.0 (https://github.com/paritytech/polkadot-sdk.git?tag=polkadot-stable2509#5ab40131)
    Checking authority-selection-inherents v1.8.1 (/home/vinawizard/evm-partner-chain/partner-chains/toolkit/committee-selection/authority-selection-inherents)
    Checking sidechain-block-search v1.8.1 (/home/vinawizard/evm-partner-chain/partner-chains/toolkit/sidechain/sidechain-block-search)
    Checking sp-block-producer-fees v1.8.1 (/home/vinawizard/evm-partner-chain/partner-chains/toolkit/block-producer-fees/primitives)
    Checking fp-rpc v3.0.0-dev (/home/vinawizard/evm-partner-chain/frontier/primitives/rpc)
    Checking newline-converter v0.3.0
    Checking sp-keyring v44.0.0 (https://github.com/paritytech/polkadot-sdk.git?tag=polkadot-stable2509#5ab40131)
    Checking fuzzy-matcher v0.3.7
    Checking ordered-float v2.10.1
    Checking rtoolbox v0.0.3
    Checking partner-chains-cardano-offchain v1.8.1 (/home/vinawizard/evm-partner-chain/partner-chains/toolkit/smart-contracts/offchain)
   Compiling sqlx-macros-core v0.8.6
    Checking fxhash v0.2.1
    Checking sc-chain-spec v46.0.0 (https://github.com/paritytech/polkadot-sdk.git?tag=polkadot-stable2509#5ab40131)
    Checking sc-mixnet v0.23.0 (https://github.com/paritytech/polkadot-sdk.git?tag=polkadot-stable2509#5ab40131)
    Checking unsafe-libyaml v0.2.11
    Checking rpassword v7.4.0
    Checking fc-storage v1.0.0-dev (/home/vinawizard/evm-partner-chain/frontier/client/storage)
    Checking serde-value v0.7.0
    Checking sp-session-validator-management-query v1.8.1 (/home/vinawizard/evm-partner-chain/partner-chains/toolkit/committee-selection/query)
    Checking inquire v0.7.5
    Checking fp-ethereum v1.0.0-dev (/home/vinawizard/evm-partner-chain/frontier/primitives/ethereum)
    Checking sc-consensus-aura v0.53.0 (https://github.com/paritytech/polkadot-sdk.git?tag=polkadot-stable2509#5ab40131)
    Checking serde_yaml v0.9.34+deprecated
    Checking pallet-sidechain-rpc v1.8.1 (/home/vinawizard/evm-partner-chain/partner-chains/toolkit/sidechain/rpc)
    Checking frame-try-runtime v0.49.0 (https://github.com/paritytech/polkadot-sdk.git?tag=polkadot-stable2509#5ab40131)
    Checking typemap-ors v1.0.0
    Checking sc-rpc-api v0.52.0 (https://github.com/paritytech/polkadot-sdk.git?tag=polkadot-stable2509#5ab40131)
    Checking frame-benchmarking v43.0.0 (https://github.com/paritytech/polkadot-sdk.git?tag=polkadot-stable2509#5ab40131)
    Checking pallet-timestamp v42.0.0 (https://github.com/paritytech/polkadot-sdk.git?tag=polkadot-stable2509#5ab40131)
    Checking pallet-balances v44.0.0 (https://github.com/paritytech/polkadot-sdk.git?tag=polkadot-stable2509#5ab40131)
   Compiling sqlx-macros v0.8.6
    Checking pallet-address-associations v1.8.1 (/home/vinawizard/evm-partner-chain/partner-chains/toolkit/address-associations/pallet)
    Checking pallet-sidechain v1.8.1 (/home/vinawizard/evm-partner-chain/partner-chains/toolkit/sidechain/pallet)
    Checking pallet-transaction-payment v43.0.0 (https://github.com/paritytech/polkadot-sdk.git?tag=polkadot-stable2509#5ab40131)
    Checking pallet-partner-chains-bridge v1.8.1 (/home/vinawizard/evm-partner-chain/partner-chains/toolkit/bridge/pallet)
    Checking pallet-authorship v43.0.0 (https://github.com/paritytech/polkadot-sdk.git?tag=polkadot-stable2509#5ab40131)
    Checking sidechain-mc-hash v1.8.1 (/home/vinawizard/evm-partner-chain/partner-chains/toolkit/sidechain/sidechain-mc-hash)
    Checking sp-block-production-log v1.8.1 (/home/vinawizard/evm-partner-chain/partner-chains/toolkit/block-production-log/primitives)
    Checking frame-system-rpc-runtime-api v39.0.0 (https://github.com/paritytech/polkadot-sdk.git?tag=polkadot-stable2509#5ab40131)
    Checking sqlx v0.8.6
   Compiling derivative v2.2.0
    Checking fdlimit v0.3.0
    Checking sc-informant v0.52.0 (https://github.com/paritytech/polkadot-sdk.git?tag=polkadot-stable2509#5ab40131)
    Checking sc-network-transactions v0.52.0 (https://github.com/paritytech/polkadot-sdk.git?tag=polkadot-stable2509#5ab40131)
    Checking sc-network-gossip v0.53.0 (https://github.com/paritytech/polkadot-sdk.git?tag=polkadot-stable2509#5ab40131)
    Checking thread-id v4.2.2
    Checking colored v3.0.0
    Checking log-mdc v0.1.0
   Compiling substrate-build-script-utils v11.0.0 (https://github.com/paritytech/polkadot-sdk.git?tag=polkadot-stable2509#5ab40131)
    Checking humantime v2.2.0
    Checking arc-swap v1.7.1
    Checking pallet-aura v42.0.0 (https://github.com/paritytech/polkadot-sdk.git?tag=polkadot-stable2509#5ab40131)
   Compiling partner-chains-demo-node v1.8.1 (/home/vinawizard/evm-partner-chain/partner-chains/demo/node)
    Checking db-sync-sqlx v1.8.1 (/home/vinawizard/evm-partner-chain/partner-chains/toolkit/utils/db-sync-sqlx)
    Checking pallet-transaction-payment-rpc-runtime-api v43.0.0 (https://github.com/paritytech/polkadot-sdk.git?tag=polkadot-stable2509#5ab40131)
    Checking cli-commands v1.8.1 (/home/vinawizard/evm-partner-chain/partner-chains/toolkit/cli/commands)
    Checking partner-chains-smart-contracts-commands v1.8.1 (/home/vinawizard/evm-partner-chain/partner-chains/toolkit/smart-contracts/commands)
    Checking frame-executive v43.0.0 (https://github.com/paritytech/polkadot-sdk.git?tag=polkadot-stable2509#5ab40131)
    Checking sc-consensus-grandpa v0.38.0 (https://github.com/paritytech/polkadot-sdk.git?tag=polkadot-stable2509#5ab40131)
    Checking pallet-block-participation v1.8.1 (/home/vinawizard/evm-partner-chain/partner-chains/toolkit/block-participation/pallet)
    Checking pallet-sudo v43.0.0 (https://github.com/paritytech/polkadot-sdk.git?tag=polkadot-stable2509#5ab40131)
    Checking fp-self-contained v1.0.0-dev (/home/vinawizard/evm-partner-chain/frontier/primitives/self-contained)
    Checking fc-rpc-core v1.1.0-dev (/home/vinawizard/evm-partner-chain/frontier/client/rpc-core)
    Checking sc-proposer-metrics v0.20.0 (https://github.com/paritytech/polkadot-sdk.git?tag=polkadot-stable2509#5ab40131)
    Checking fork-tree v13.0.1
    Checking pallet-governed-map v1.8.1 (/home/vinawizard/evm-partner-chain/partner-chains/toolkit/governed-map/pallet)
    Checking pallet-block-producer-fees v1.8.1 (/home/vinawizard/evm-partner-chain/partner-chains/toolkit/block-producer-fees/pallet)
    Checking pallet-session v43.0.0 (https://github.com/paritytech/polkadot-sdk.git?tag=polkadot-stable2509#5ab40131)
    Checking pallet-block-producer-metadata v1.8.1 (/home/vinawizard/evm-partner-chain/partner-chains/toolkit/block-producer-metadata/pallet)
    Checking pallet-block-production-log v1.8.1 (/home/vinawizard/evm-partner-chain/partner-chains/toolkit/block-production-log/pallet)
    Checking sc-rpc v48.0.0 (https://github.com/paritytech/polkadot-sdk.git?tag=polkadot-stable2509#5ab40131)
    Checking sc-rpc-server v25.0.0 (https://github.com/paritytech/polkadot-sdk.git?tag=polkadot-stable2509#5ab40131)
    Checking lru v0.16.0
    Checking cumulus-primitives-core v0.21.0 (https://github.com/paritytech/polkadot-sdk.git?tag=polkadot-stable2509#5ab40131)
    Checking fp-account v1.0.0-dev (/home/vinawizard/evm-partner-chain/frontier/primitives/account)
    Checking log4rs v1.3.0
    Checking sc-partner-chains-consensus-aura v1.8.1 (/home/vinawizard/evm-partner-chain/partner-chains/substrate-extensions/aura/consensus)
    Checking substrate-frame-rpc-system v47.0.0 (https://github.com/paritytech/polkadot-sdk.git?tag=polkadot-stable2509#5ab40131)
    Checking partner-chains-db-sync-data-sources v1.8.1 (/home/vinawizard/evm-partner-chain/partner-chains/toolkit/data-sources/db-sync)
    Checking sc-basic-authorship v0.52.0 (https://github.com/paritytech/polkadot-sdk.git?tag=polkadot-stable2509#5ab40131)
    Checking pallet-transaction-payment-rpc v46.0.0 (https://github.com/paritytech/polkadot-sdk.git?tag=polkadot-stable2509#5ab40131)
    Checking partner-chains-mock-data-sources v1.8.1 (/home/vinawizard/evm-partner-chain/partner-chains/toolkit/data-sources/mock)
    Checking pallet-session-validator-management-rpc v1.8.1 (/home/vinawizard/evm-partner-chain/partner-chains/toolkit/committee-selection/rpc)
    Checking pallet-block-producer-fees-rpc v1.8.1 (/home/vinawizard/evm-partner-chain/partner-chains/toolkit/block-producer-fees/rpc)
    Checking pallet-block-producer-metadata-rpc v1.8.1 (/home/vinawizard/evm-partner-chain/partner-chains/toolkit/block-producer-metadata/rpc)
    Checking fp-dynamic-fee v1.0.0 (/home/vinawizard/evm-partner-chain/frontier/primitives/dynamic-fee)
    Checking sc-rpc-spec-v2 v0.53.0 (https://github.com/paritytech/polkadot-sdk.git?tag=polkadot-stable2509#5ab40131)
    Checking sc-consensus-grandpa-rpc v0.38.0 (https://github.com/paritytech/polkadot-sdk.git?tag=polkadot-stable2509#5ab40131)
    Checking cumulus-primitives-storage-weight-reclaim v14.0.0 (https://github.com/paritytech/polkadot-sdk.git?tag=polkadot-stable2509#5ab40131)
    Checking pallet-evm v6.0.0-dev (/home/vinawizard/evm-partner-chain/frontier/frame/evm)
    Checking pallet-ethereum v4.0.0-dev (/home/vinawizard/evm-partner-chain/frontier/frame/ethereum)
    Checking pallet-partner-chains-session v1.8.1 (/home/vinawizard/evm-partner-chain/partner-chains/substrate-extensions/partner-chains-session)
    Checking pallet-grandpa v43.0.0 (https://github.com/paritytech/polkadot-sdk.git?tag=polkadot-stable2509#5ab40131)
    Checking pallet-session-validator-management v1.8.1 (/home/vinawizard/evm-partner-chain/partner-chains/toolkit/committee-selection/pallet)
    Checking partner-chains-cli v1.8.1 (/home/vinawizard/evm-partner-chain/partner-chains/toolkit/partner-chains-cli)
   Compiling wasm-opt v0.116.1
   Compiling substrate-wasm-builder v29.0.0 (https://github.com/paritytech/polkadot-sdk.git?tag=polkadot-stable2509#5ab40131)
   Compiling partner-chains-demo-runtime v1.8.1 (/home/vinawizard/evm-partner-chain/partner-chains/demo/runtime)
error: failed to run custom build command for `partner-chains-demo-runtime v1.8.1 (/home/vinawizard/evm-partner-chain/partner-chains/demo/runtime)`

Caused by:
  process didn't exit successfully: `/home/vinawizard/evm-partner-chain/partner-chains/target/debug/build/partner-chains-demo-runtime-1f30f9d1c725e19a/build-script-build` (exit status: 1)
  --- stdout
  Information that should be included in a bug report.
  Executing build command: env -u CARGO_ENCODED_RUSTFLAGS -u RUSTC CARGO_MAKEFLAGS="-j --jobserver-fds=8,9 --jobserver-auth=8,9" CARGO_TARGET_DIR="/home/vinawizard/evm-partner-chain/partner-chains/target/debug/wbuild/partner-chains-demo-runtime/target" RUSTFLAGS="-C link-arg=--export-table -C link-arg=--export=__heap_base -C link-arg=--import-memory --cfg substrate_runtime " SKIP_WASM_BUILD="" "/home/vinawizard/.rustup/toolchains/1.90.0-x86_64-unknown-linux-gnu/bin/cargo" "rustc" "--target=wasm32v1-none" "--manifest-path=/home/vinawizard/evm-partner-chain/partner-chains/target/debug/wbuild/partner-chains-demo-runtime/Cargo.toml" "--color=always" "--profile" "release"
  Using rustc version: rustc 1.90.0 (1159e78c4 2025-09-14)


  --- stderr
     Compiling proc-macro2 v1.0.101
     Compiling unicode-ident v1.0.18
     Compiling version_check v0.9.5
     Compiling typenum v1.18.0
     Compiling serde v1.0.219
     Compiling hashbrown v0.15.5
     Compiling equivalent v1.0.2
     Compiling toml_write v0.1.2
     Compiling winnow v0.7.13
     Compiling rustversion v1.0.22
     Compiling unicode-xid v0.2.6
     Compiling arrayvec v0.7.6
     Compiling generic-array v0.14.7
     Compiling quote v1.0.40
     Compiling radium v0.7.0
     Compiling syn v2.0.106
     Compiling indexmap v2.11.0
     Compiling const_format_proc_macros v0.2.34
     Compiling subtle v2.6.1
     Compiling tap v1.0.1
     Compiling bytes v1.10.1
     Compiling parity-scale-codec v3.7.5
     Compiling autocfg v1.5.0
     Compiling funty v2.0.0
     Compiling const-oid v0.9.6
     Compiling const_format v0.2.34
     Compiling wyz v0.5.1
     Compiling byte-slice-cast v1.2.3
     Compiling cfg-if v1.0.3
     Compiling memchr v2.7.5
     Compiling num-traits v0.2.19
     Compiling rand_core v0.6.4
     Compiling static_assertions v1.1.0
     Compiling crunchy v0.2.4
     Compiling aho-corasick v1.1.3
     Compiling regex-syntax v0.8.6
     Compiling byteorder v1.5.0
     Compiling libc v0.2.175
     Compiling rustc-hex v2.1.0
     Compiling hex v0.4.3
     Compiling keccak v0.1.5
     Compiling semver v1.0.26
     Compiling block-buffer v0.10.4
     Compiling crypto-common v0.1.6
     Compiling lazy_static v1.5.0
     Compiling fixed-hash v0.8.0
     Compiling serde_derive v1.0.219
     Compiling zeroize_derive v1.4.2
     Compiling impl-trait-for-tuples v0.2.3
     Compiling derive_more-impl v1.0.0
     Compiling rlp-derive v0.2.0
     Compiling digest v0.10.7
     Compiling log v0.4.27
     Compiling base16ct v0.2.0
     Compiling rustc_version v0.4.1
     Compiling uint v0.10.0
     Compiling digest v0.9.0
     Compiling ff v0.13.1
     Compiling zeroize v1.8.1
     Compiling hash-db v0.16.0
     Compiling integer-sqrt v0.1.5
     Compiling impl-num-traits v0.2.0
     Compiling libsecp256k1-core v0.3.0
     Compiling curve25519-dalek v4.1.3
     Compiling rlp v0.6.1
     Compiling der v0.7.10
     Compiling group v0.13.0
     Compiling arrayref v0.3.9
     Compiling prettyplease v0.2.37
     Compiling ref-cast v1.0.24
     Compiling once_cell v1.21.3
     Compiling serde_json v1.0.143
     Compiling ref-cast-impl v1.0.24
     Compiling derive_more v1.0.0
     Compiling sp-debug-derive v14.0.0 (https://github.com/paritytech/polkadot-sdk.git?tag=polkadot-stable2509#5ab40131)
     Compiling fs-err v2.11.0
     Compiling crypto-bigint v0.5.5
     Compiling bitcoin-internals v0.2.0
     Compiling ryu v1.0.20
     Compiling itoa v1.0.15
     Compiling impl-rlp v0.4.0
     Compiling sha2 v0.10.9
     Compiling hmac v0.12.1
     Compiling signature v2.2.0
     Compiling sha3 v0.10.8
     Compiling rfc6979 v0.4.0
     Compiling libsecp256k1-gen-genmult v0.3.0
     Compiling libsecp256k1-gen-ecmult v0.3.0
     Compiling derive-syn-parse v0.2.0
     Compiling pin-project-lite v0.2.16
     Compiling tinyvec_macros v0.1.1
     Compiling expander v2.2.1
     Compiling tinyvec v1.10.0
     Compiling regex-automata v0.4.10
     Compiling spki v0.7.3
     Compiling libsecp256k1 v0.7.2
     Compiling pkcs8 v0.10.2
     Compiling merlin v3.0.0
     Compiling blake2 v0.10.6
     Compiling hash256-std-hasher v0.15.2
     Compiling getrandom_or_panic v0.0.3
     Compiling paste v1.0.15
     Compiling constant_time_eq v0.3.1
     Compiling hex-conservative v0.1.2
     Compiling blake2b_simd v1.0.3
     Compiling unicode-normalization v0.1.22
     Compiling bitcoin_hashes v0.13.0
     Compiling schnorrkel v0.11.5
     Compiling file-guard v0.2.0
     Compiling ed25519 v2.2.3
     Compiling pbkdf2 v0.12.2
     Compiling twox-hash v1.6.3
     Compiling rand v0.8.5
     Compiling environmental v1.1.4
     Compiling sp-std v14.0.0 (https://github.com/paritytech/polkadot-sdk.git?tag=polkadot-stable2509#5ab40131)
     Compiling base64 v0.22.1
     Compiling substrate-bip39 v0.6.0 (https://github.com/paritytech/polkadot-sdk.git?tag=polkadot-stable2509#5ab40131)
     Compiling ed25519-zebra v4.1.0
     Compiling sp-crypto-hashing v0.1.0 (https://github.com/paritytech/polkadot-sdk.git?tag=polkadot-stable2509#5ab40131)
     Compiling secrecy v0.8.0
     Compiling array-bytes v6.2.3
     Compiling bitflags v1.3.2
     Compiling tracing-core v0.1.34
     Compiling bs58 v0.5.1
     Compiling same-file v1.0.6
     Compiling parity-bip39 v2.0.1
     Compiling termcolor v1.4.1
     Compiling walkdir v2.5.0
     Compiling common-path v1.0.0
     Compiling trie-root v0.18.0
     Compiling smallvec v1.15.1
     Compiling foldhash v0.1.5
     Compiling allocator-api2 v0.2.21
     Compiling sp-io v43.0.0 (https://github.com/paritytech/polkadot-sdk.git?tag=polkadot-stable2509#5ab40131)
     Compiling either v1.15.0
     Compiling regex v1.11.2
     Compiling tuplex v0.1.2
     Compiling tracing v0.1.41
     Compiling trie-db v0.30.0
     Compiling bitvec v1.0.1
     Compiling impl-serde v0.5.0
     Compiling Inflector v0.11.4
     Compiling serdect v0.2.0
     Compiling cpufeatures v0.2.17
     Compiling sec1 v0.7.3
     Compiling serde_spanned v0.6.9
     Compiling toml_datetime v0.6.11
     Compiling elliptic-curve v0.13.8
     Compiling toml_edit v0.22.27
     Compiling proc-macro-warning v1.84.1
     Compiling memory-db v0.34.0
     Compiling ecdsa v0.16.9
     Compiling tiny-keccak v2.0.2
     Compiling getrandom v0.2.16
     Compiling macro_magic_core_macros v0.5.1
     Compiling proc-macro-error-attr v1.0.4
     Compiling syn v1.0.109
     Compiling proc-macro-error v1.0.4
     Compiling k256 v0.13.4
     Compiling frame-support-procedural-tools-derive v12.0.0 (https://github.com/paritytech/polkadot-sdk.git?tag=polkadot-stable2509#5ab40131)
     Compiling const-random-macro v0.1.16
     Compiling sp-crypto-hashing-proc-macro v0.1.0 (https://github.com/paritytech/polkadot-sdk.git?tag=polkadot-stable2509#5ab40131)
     Compiling include_dir_macros v0.7.4
     Compiling ss58-registry v1.51.0
     Compiling const-random v0.1.18
     Compiling macro_magic_core v0.5.1
     Compiling itertools v0.10.5
     Compiling itertools v0.11.0
     Compiling cfg-expr v0.15.8
     Compiling tt-call v1.0.9
     Compiling include_dir v0.7.4
     Compiling macro_magic_macros v0.5.1
     Compiling derive-where v1.6.0
     Compiling find-msvc-tools v0.1.0
     Compiling shlex v1.3.0
     Compiling minicbor v0.25.1
     Compiling proc-macro-crate v3.3.0
     Compiling toml v0.8.23
     Compiling cc v1.2.35
     Compiling macro_magic v0.5.1
     Compiling num-integer v0.1.46
     Compiling frame-support-procedural-tools v13.0.1 (https://github.com/paritytech/polkadot-sdk.git?tag=polkadot-stable2509#5ab40131)
     Compiling hex-conservative v0.2.1
     Compiling num-bigint v0.4.6
     Compiling bitcoin_hashes v0.14.0
     Compiling derive_more-impl v2.0.1
     Compiling num-derive v0.4.2
     Compiling plutus-datum-derive v1.8.1 (/home/vinawizard/evm-partner-chain/partner-chains/toolkit/utils/plutus/plutus-datum-derive)
     Compiling byte-string-derive v1.8.1 (/home/vinawizard/evm-partner-chain/partner-chains/toolkit/utils/byte-string-derivation)
     Compiling aquamarine v0.5.0
     Compiling bech32 v0.11.0
     Compiling auto_impl v1.3.0
     Compiling thiserror v2.0.16
     Compiling parity-scale-codec-derive v3.7.5
     Compiling scale-info-derive v2.11.6
     Compiling docify_macros v0.2.9
     Compiling sp-runtime-interface-proc-macro v20.0.0 (https://github.com/paritytech/polkadot-sdk.git?tag=polkadot-stable2509#5ab40131)
     Compiling sp-api-proc-macro v25.0.0 (https://github.com/paritytech/polkadot-sdk.git?tag=polkadot-stable2509#5ab40131)
     Compiling thiserror-impl v2.0.16
     Compiling convert_case v0.4.0
     Compiling hex-literal v0.4.1
     Compiling secp256k1-sys v0.10.1
     Compiling xcm-procedural v11.0.2 (https://github.com/paritytech/polkadot-sdk.git?tag=polkadot-stable2509#5ab40131)
     Compiling num_enum_derive v0.7.5
     Compiling plutus v1.8.1 (/home/vinawizard/evm-partner-chain/partner-chains/toolkit/utils/plutus)
     Compiling derive_more v0.99.20
     Compiling docify v0.2.9
     Compiling async-trait v0.1.89
     Compiling futures-sink v0.3.31
     Compiling frame-support-procedural v35.0.0 (https://github.com/paritytech/polkadot-sdk.git?tag=polkadot-stable2509#5ab40131)
     Compiling zerocopy v0.8.26
     Compiling derive_more v2.0.1
     Compiling futures-core v0.3.31
     Compiling num_enum v0.7.5
     Compiling futures-task v0.3.31
     Compiling pin-utils v0.1.0
     Compiling futures-channel v0.3.31
     Compiling futures-util v0.3.31
     Compiling futures-io v0.3.31
     Compiling rand_core v0.9.3
     Compiling heck v0.5.0
     Compiling derive-new v0.7.0
     Compiling rand v0.9.2
     Compiling partner-chains-demo-runtime v1.8.1 (/home/vinawizard/evm-partner-chain/partner-chains/demo/runtime)
     Compiling scale-info v2.11.6
     Compiling impl-codec v0.7.1
     Compiling sp-storage v22.0.0 (https://github.com/paritytech/polkadot-sdk.git?tag=polkadot-stable2509#5ab40131)
     Compiling sp-wasm-interface v24.0.0 (https://github.com/paritytech/polkadot-sdk.git?tag=polkadot-stable2509#5ab40131)
     Compiling sp-tracing v19.0.0 (https://github.com/paritytech/polkadot-sdk.git?tag=polkadot-stable2509#5ab40131)
     Compiling binary-merkle-tree v16.1.0 (https://github.com/paritytech/polkadot-sdk.git?tag=polkadot-stable2509#5ab40131)
     Compiling sp-version-proc-macro v15.0.0 (https://github.com/paritytech/polkadot-sdk.git?tag=polkadot-stable2509#5ab40131)
     Compiling strum_macros v0.26.4
     Compiling fp-storage v2.0.0 (/home/vinawizard/evm-partner-chain/frontier/primitives/storage)
     Compiling hex-literal v1.0.0
     Compiling primitive-types v0.13.1
     Compiling bounded-collections v0.3.2
     Compiling sp-externalities v0.30.0 (https://github.com/paritytech/polkadot-sdk.git?tag=polkadot-stable2509#5ab40131)
     Compiling sp-arithmetic v28.0.0 (https://github.com/paritytech/polkadot-sdk.git?tag=polkadot-stable2509#5ab40131)
     Compiling frame-metadata v23.0.0
     Compiling sp-inherents v39.0.0 (https://github.com/paritytech/polkadot-sdk.git?tag=polkadot-stable2509#5ab40131)
     Compiling ethbloom v0.14.1
     Compiling ppv-lite86 v0.2.21
     Compiling futures v0.3.31
     Compiling finality-grandpa v0.16.3
     Compiling sp-metadata-ir v0.12.0 (https://github.com/paritytech/polkadot-sdk.git?tag=polkadot-stable2509#5ab40131)
     Compiling rand_chacha v0.9.0
     Compiling strum v0.26.3
     Compiling sp-core v38.1.0 (https://github.com/paritytech/polkadot-sdk.git?tag=polkadot-stable2509#5ab40131)
     Compiling sp-runtime-interface v32.0.0 (https://github.com/paritytech/polkadot-sdk.git?tag=polkadot-stable2509#5ab40131)
     Compiling evm-core v0.43.0 (https://github.com/rust-ethereum/evm.git?branch=v0.x#6917b131)
     Compiling ethereum-types v0.15.1
     Compiling selection v1.8.1 (/home/vinawizard/evm-partner-chain/partner-chains/toolkit/committee-selection/selection)
     Compiling evm-runtime v0.43.0 (https://github.com/rust-ethereum/evm.git?branch=v0.x#6917b131)
     Compiling ethereum v0.18.2
     Compiling evm-gasometer v0.43.0 (https://github.com/rust-ethereum/evm.git?branch=v0.x#6917b131)
     Compiling sp-weights v33.1.0 (https://github.com/paritytech/polkadot-sdk.git?tag=polkadot-stable2509#5ab40131)
     Compiling evm v0.43.4 (https://github.com/rust-ethereum/evm.git?branch=v0.x#6917b131)
     Compiling sp-trie v41.1.0 (https://github.com/paritytech/polkadot-sdk.git?tag=polkadot-stable2509#5ab40131)
     Compiling sp-state-machine v0.48.0 (https://github.com/paritytech/polkadot-sdk.git?tag=polkadot-stable2509#5ab40131)
     Compiling sp-application-crypto v43.0.0 (https://github.com/paritytech/polkadot-sdk.git?tag=polkadot-stable2509#5ab40131)
     Compiling sp-runtime v44.0.0 (https://github.com/paritytech/polkadot-sdk.git?tag=polkadot-stable2509#5ab40131)
     Compiling cumulus-primitives-proof-size-hostfunction v0.15.0 (https://github.com/paritytech/polkadot-sdk.git?tag=polkadot-stable2509#5ab40131)
     Compiling secp256k1 v0.30.0
     Compiling sidechain-domain v1.8.1 (/home/vinawizard/evm-partner-chain/partner-chains/toolkit/sidechain/domain)
     Compiling sp-version v42.0.0 (https://github.com/paritytech/polkadot-sdk.git?tag=polkadot-stable2509#5ab40131)
     Compiling sp-staking v41.0.0 (https://github.com/paritytech/polkadot-sdk.git?tag=polkadot-stable2509#5ab40131)
     Compiling sp-timestamp v39.0.0 (https://github.com/paritytech/polkadot-sdk.git?tag=polkadot-stable2509#5ab40131)
     Compiling sp-consensus-slots v0.45.0 (https://github.com/paritytech/polkadot-sdk.git?tag=polkadot-stable2509#5ab40131)
     Compiling sp-api v39.0.0 (https://github.com/paritytech/polkadot-sdk.git?tag=polkadot-stable2509#5ab40131)
     Compiling polkadot-core-primitives v20.0.0 (https://github.com/paritytech/polkadot-sdk.git?tag=polkadot-stable2509#5ab40131)
     Compiling fp-consensus v2.0.0-dev (/home/vinawizard/evm-partner-chain/frontier/primitives/consensus)
     Compiling sp-keyring v44.0.0 (https://github.com/paritytech/polkadot-sdk.git?tag=polkadot-stable2509#5ab40131)
     Compiling sp-genesis-builder v0.20.0 (https://github.com/paritytech/polkadot-sdk.git?tag=polkadot-stable2509#5ab40131)
     Compiling sp-authority-discovery v39.0.0 (https://github.com/paritytech/polkadot-sdk.git?tag=polkadot-stable2509#5ab40131)
     Compiling polkadot-parachain-primitives v19.0.0 (https://github.com/paritytech/polkadot-sdk.git?tag=polkadot-stable2509#5ab40131)
     Compiling frame-support v43.0.0 (https://github.com/paritytech/polkadot-sdk.git?tag=polkadot-stable2509#5ab40131)
     Compiling polkadot-primitives v21.0.0 (https://github.com/paritytech/polkadot-sdk.git?tag=polkadot-stable2509#5ab40131)
     Compiling sp-session v41.0.0 (https://github.com/paritytech/polkadot-sdk.git?tag=polkadot-stable2509#5ab40131)
     Compiling sidechain-slots v1.8.1 (/home/vinawizard/evm-partner-chain/partner-chains/toolkit/sidechain/sidechain-slots)
     Compiling sp-session-validator-management v1.8.1 (/home/vinawizard/evm-partner-chain/partner-chains/toolkit/committee-selection/primitives)
     Compiling sp-consensus-aura v0.45.0 (https://github.com/paritytech/polkadot-sdk.git?tag=polkadot-stable2509#5ab40131)
     Compiling sp-block-participation v1.8.1 (/home/vinawizard/evm-partner-chain/partner-chains/toolkit/block-participation/primitives)
     Compiling sp-governed-map v1.8.1 (/home/vinawizard/evm-partner-chain/partner-chains/toolkit/governed-map/primitives)
  warning: unused import: `McEpochNumber`
    --> /home/vinawizard/evm-partner-chain/partner-chains/toolkit/block-participation/primitives/src/lib.rs:68:56
     |
  68 | use sidechain_domain::{DelegatorKey, MainchainKeyHash, McEpochNumber};
     |                                                        ^^^^^^^^^^^^^
     |
     = note: `#[warn(unused_imports)]` on by default

     Compiling sp-block-production-log v1.8.1 (/home/vinawizard/evm-partner-chain/partner-chains/toolkit/block-production-log/primitives)
     Compiling sp-consensus-grandpa v26.0.0 (https://github.com/paritytech/polkadot-sdk.git?tag=polkadot-stable2509#5ab40131)
  warning: `sp-block-participation` (lib) generated 1 warning (run `cargo fix --lib -p sp-block-participation` to apply 1 suggestion)
     Compiling sp-partner-chains-bridge v1.8.1 (/home/vinawizard/evm-partner-chain/partner-chains/toolkit/bridge/primitives)
     Compiling sp-block-producer-fees v1.8.1 (/home/vinawizard/evm-partner-chain/partner-chains/toolkit/block-producer-fees/primitives)
  warning: unused import: `McBlockHash`
     --> /home/vinawizard/evm-partner-chain/partner-chains/toolkit/bridge/primitives/src/lib.rs:131:40
      |
  131 |     AssetId, AssetName, MainchainAddress, McBlockHash, McBlockNumber, PolicyId, UtxoId,
      |                                           ^^^^^^^^^^^
      |
      = note: `#[warn(unused_imports)]` on by default

     Compiling sp-block-producer-metadata v1.8.1 (/home/vinawizard/evm-partner-chain/partner-chains/toolkit/block-producer-metadata/primitives)
     Compiling frame-system-rpc-runtime-api v39.0.0 (https://github.com/paritytech/polkadot-sdk.git?tag=polkadot-stable2509#5ab40131)
     Compiling sp-block-builder v39.0.0 (https://github.com/paritytech/polkadot-sdk.git?tag=polkadot-stable2509#5ab40131)
     Compiling sp-transaction-pool v39.0.0 (https://github.com/paritytech/polkadot-sdk.git?tag=polkadot-stable2509#5ab40131)
  warning: `sp-partner-chains-bridge` (lib) generated 1 warning (run `cargo fix --lib -p sp-partner-chains-bridge` to apply 1 suggestion)
     Compiling sp-offchain v39.0.0 (https://github.com/paritytech/polkadot-sdk.git?tag=polkadot-stable2509#5ab40131)
     Compiling frame-system v43.0.0 (https://github.com/paritytech/polkadot-sdk.git?tag=polkadot-stable2509#5ab40131)
     Compiling staging-xcm v19.0.0 (https://github.com/paritytech/polkadot-sdk.git?tag=polkadot-stable2509#5ab40131)
     Compiling fp-evm v3.0.0-dev (/home/vinawizard/evm-partner-chain/frontier/primitives/evm)
     Compiling sp-sidechain v1.8.1 (/home/vinawizard/evm-partner-chain/partner-chains/toolkit/sidechain/primitives)
     Compiling authority-selection-inherents v1.8.1 (/home/vinawizard/evm-partner-chain/partner-chains/toolkit/committee-selection/authority-selection-inherents)
     Compiling frame-try-runtime v0.49.0 (https://github.com/paritytech/polkadot-sdk.git?tag=polkadot-stable2509#5ab40131)
     Compiling fp-self-contained v1.0.0-dev (/home/vinawizard/evm-partner-chain/frontier/primitives/self-contained)
     Compiling fp-ethereum v1.0.0-dev (/home/vinawizard/evm-partner-chain/frontier/primitives/ethereum)
     Compiling fp-rpc v3.0.0-dev (/home/vinawizard/evm-partner-chain/frontier/primitives/rpc)
     Compiling pallet-timestamp v42.0.0 (https://github.com/paritytech/polkadot-sdk.git?tag=polkadot-stable2509#5ab40131)
     Compiling pallet-balances v44.0.0 (https://github.com/paritytech/polkadot-sdk.git?tag=polkadot-stable2509#5ab40131)
     Compiling pallet-authorship v43.0.0 (https://github.com/paritytech/polkadot-sdk.git?tag=polkadot-stable2509#5ab40131)
     Compiling pallet-transaction-payment v43.0.0 (https://github.com/paritytech/polkadot-sdk.git?tag=polkadot-stable2509#5ab40131)
     Compiling frame-executive v43.0.0 (https://github.com/paritytech/polkadot-sdk.git?tag=polkadot-stable2509#5ab40131)
     Compiling pallet-block-production-log v1.8.1 (/home/vinawizard/evm-partner-chain/partner-chains/toolkit/block-production-log/pallet)
     Compiling pallet-partner-chains-bridge v1.8.1 (/home/vinawizard/evm-partner-chain/partner-chains/toolkit/bridge/pallet)
     Compiling pallet-block-participation v1.8.1 (/home/vinawizard/evm-partner-chain/partner-chains/toolkit/block-participation/pallet)
     Compiling pallet-governed-map v1.8.1 (/home/vinawizard/evm-partner-chain/partner-chains/toolkit/governed-map/pallet)
     Compiling pallet-sudo v43.0.0 (https://github.com/paritytech/polkadot-sdk.git?tag=polkadot-stable2509#5ab40131)
     Compiling pallet-address-associations v1.8.1 (/home/vinawizard/evm-partner-chain/partner-chains/toolkit/address-associations/pallet)
     Compiling pallet-block-producer-fees v1.8.1 (/home/vinawizard/evm-partner-chain/partner-chains/toolkit/block-producer-fees/pallet)
     Compiling pallet-block-producer-metadata v1.8.1 (/home/vinawizard/evm-partner-chain/partner-chains/toolkit/block-producer-metadata/pallet)
     Compiling pallet-sidechain v1.8.1 (/home/vinawizard/evm-partner-chain/partner-chains/toolkit/sidechain/pallet)
     Compiling pallet-aura v42.0.0 (https://github.com/paritytech/polkadot-sdk.git?tag=polkadot-stable2509#5ab40131)
     Compiling pallet-transaction-payment-rpc-runtime-api v43.0.0 (https://github.com/paritytech/polkadot-sdk.git?tag=polkadot-stable2509#5ab40131)
     Compiling pallet-session v43.0.0 (https://github.com/paritytech/polkadot-sdk.git?tag=polkadot-stable2509#5ab40131)
     Compiling cumulus-primitives-core v0.21.0 (https://github.com/paritytech/polkadot-sdk.git?tag=polkadot-stable2509#5ab40131)
     Compiling fp-account v1.0.0-dev (/home/vinawizard/evm-partner-chain/frontier/primitives/account)
     Compiling cumulus-primitives-storage-weight-reclaim v14.0.0 (https://github.com/paritytech/polkadot-sdk.git?tag=polkadot-stable2509#5ab40131)
     Compiling pallet-evm v6.0.0-dev (/home/vinawizard/evm-partner-chain/frontier/frame/evm)
     Compiling pallet-partner-chains-session v1.8.1 (/home/vinawizard/evm-partner-chain/partner-chains/substrate-extensions/partner-chains-session)
     Compiling pallet-grandpa v43.0.0 (https://github.com/paritytech/polkadot-sdk.git?tag=polkadot-stable2509#5ab40131)
     Compiling pallet-ethereum v4.0.0-dev (/home/vinawizard/evm-partner-chain/frontier/frame/ethereum)
     Compiling pallet-session-validator-management v1.8.1 (/home/vinawizard/evm-partner-chain/partner-chains/toolkit/committee-selection/pallet)
  warning: unused import: `fp_rpc::TransactionStatus`
    --> /home/vinawizard/evm-partner-chain/partner-chains/demo/runtime/src/lib.rs:67:5
     |
  67 | use fp_rpc::TransactionStatus;
     |     ^^^^^^^^^^^^^^^^^^^^^^^^^
     |
     = note: `#[warn(unused_imports)]` on by default

  error[E0560]: struct `EvmConfig` has no field named `allow_poin_evaluation`
      --> /home/vinawizard/evm-partner-chain/partner-chains/demo/runtime/src/lib.rs:1337:7
       |
  1337 |                         allow_poin_evaluation: true,
       |                         ^^^^^^^^^^^^^^^^^^^^^ `EvmConfig` does not have this field
       |
       = note: available fields are: `gas_ext_code`, `gas_ext_code_hash`, `gas_sstore_set`, `gas_sstore_reset`, `refund_sstore_clears` ... and 52 others

  error[E0599]: no method named `unique_saturated_into` found for struct `sp_core::U256` in the current scope
      --> /home/vinawizard/evm-partner-chain/partner-chains/demo/runtime/src/lib.rs:1350:15
       |
  1350 |                 gas_limit.unique_saturated_into(),
       |                           ^^^^^^^^^^^^^^^^^^^^^
       |
      ::: /home/vinawizard/.cargo/git/checkouts/polkadot-sdk-dee0edd6eefa0594/5ab4013/substrate/primitives/arithmetic/src/traits.rs:208:5
       |
   208 |     fn unique_saturated_into(self) -> T;
       |        --------------------- the method is available for `sp_core::U256` here
       |
       = help: items from traits can only be used if the trait is in scope
  help: trait `UniqueSaturatedInto` which provides `unique_saturated_into` is implemented but not in scope; perhaps you want to import it
       |
     6 + use sp_runtime::traits::UniqueSaturatedInto;
       |
  help: there is a method `saturated_into` with a similar name
       |
  1350 -                 gas_limit.unique_saturated_into(),
  1350 +                 gas_limit.saturated_into(),
       |

  error[E0061]: this function takes 15 arguments but 13 arguments were supplied
      --> /home/vinawizard/evm-partner-chain/partner-chains/demo/runtime/src/lib.rs:1345:4
       |
  1345 |               <Runtime as pallet_evm::Config>::Runner::call(
       |  _____________^^^^^^^^^^^^^^^^^^^^^^^^^^^^^^^^^^^^^^^^^^^^^-
  1346 | |                 from,
  1347 | |                 to,
  1348 | |                 data,
  ...    |
  1355 | |                 false, // is_transactional
       | |                 ----- expected `sidechain_domain::Vec<AuthorizationListItem>`, found `bool`
  1356 | |                 true, // validate
  1357 | |                 authorization_list.unwrap_or_default(),
       | |                 -------------------------------------- expected `bool`, found `sidechain_domain::Vec<AuthorizationListItem>`
  1358 | |                 config,
  1359 | |             ).map_err(|err| err.into())
       | |_____________- two arguments of type `core::option::Option<u64>` and `&EvmConfig` are missing
       |
  note: expected `Option<Weight>`, found `Option<EvmConfig>`
      --> /home/vinawizard/evm-partner-chain/partner-chains/demo/runtime/src/lib.rs:1358:5
       |
  1358 |                 config,
       |                 ^^^^^^
       = note: expected enum `core::option::Option<Weight>`
                  found enum `core::option::Option<EvmConfig>`
  note: associated function defined here
      --> /home/vinawizard/evm-partner-chain/frontier/frame/evm/src/runner/mod.rs:53:5
       |
    53 |     fn call(
       |        ^^^^
  help: did you mean
       |
  1345 -             <Runtime as pallet_evm::Config>::Runner::call(
  1346 -                 from,
  1347 -                 to,
  1348 -                 data,
  1349 -                 value,
  1350 -                 gas_limit.unique_saturated_into(),
  1351 -                 max_fee_per_gas,
  1352 -                 max_priority_fee_per_gas,
  1353 -                 nonce,
  1354 -                 access_list.unwrap_or_default(),
  1355 -                 false, // is_transactional
  1356 -                 true, // validate
  1357 -                 authorization_list.unwrap_or_default(),
  1358 -                 config,
  1359 -             ).map_err(|err| err.into())
  1345 +             <Runtime as pallet_evm::Config>::Runner::call(from, to, data, value, gas_limit.unique_saturated_into(), max_fee_per_gas, max_priority_fee_per_gas, nonce, access_list.unwrap_or_default(), authorization_list.unwrap_or_default(), true, false, /* core::option::Option<Weight> */, /* core::option::Option<u64> */, /* &EvmConfig */).map_err(|err| err.into())
       |

  error[E0277]: the trait bound `sp_runtime::DispatchError: From<RunnerError<pallet_evm::Error<Runtime>>>` is not satisfied
      --> /home/vinawizard/evm-partner-chain/partner-chains/demo/runtime/src/lib.rs:1359:24
       |
  1359 |             ).map_err(|err| err.into())
       |                                 ^^^^ the trait `From<RunnerError<pallet_evm::Error<Runtime>>>` is not implemented for `sp_runtime::DispatchError`
       |
       = help: the following other types implement trait `From<T>`:
                 `sp_runtime::DispatchError` implements `From<&str>`
                 `sp_runtime::DispatchError` implements `From<ArithmeticError>`
                 `sp_runtime::DispatchError` implements `From<TokenError>`
                 `sp_runtime::DispatchError` implements `From<TransactionalError>`
                 `sp_runtime::DispatchError` implements `From<TrieError>`
                 `sp_runtime::DispatchError` implements `From<frame_system::Error<T>>`
                 `sp_runtime::DispatchError` implements `From<pallet_address_associations::Error<T>>`
                 `sp_runtime::DispatchError` implements `From<pallet_balances::Error<T, I>>`
               and 13 others
       = note: required for `RunnerError<pallet_evm::Error<Runtime>>` to implement `Into<sp_runtime::DispatchError>`

  error[E0560]: struct `EvmConfig` has no field named `allow_poin_evaluation`
      --> /home/vinawizard/evm-partner-chain/partner-chains/demo/runtime/src/lib.rs:1379:7
       |
  1379 |                         allow_poin_evaluation: true,
       |                         ^^^^^^^^^^^^^^^^^^^^^ `EvmConfig` does not have this field
       |
       = note: available fields are: `gas_ext_code`, `gas_ext_code_hash`, `gas_sstore_set`, `gas_sstore_reset`, `refund_sstore_clears` ... and 52 others

  error[E0599]: no method named `unique_saturated_into` found for struct `sp_core::U256` in the current scope
      --> /home/vinawizard/evm-partner-chain/partner-chains/demo/runtime/src/lib.rs:1391:15
       |
  1391 |                 gas_limit.unique_saturated_into(),
       |                           ^^^^^^^^^^^^^^^^^^^^^
       |
      ::: /home/vinawizard/.cargo/git/checkouts/polkadot-sdk-dee0edd6eefa0594/5ab4013/substrate/primitives/arithmetic/src/traits.rs:208:5
       |
   208 |     fn unique_saturated_into(self) -> T;
       |        --------------------- the method is available for `sp_core::U256` here
       |
       = help: items from traits can only be used if the trait is in scope
  help: trait `UniqueSaturatedInto` which provides `unique_saturated_into` is implemented but not in scope; perhaps you want to import it
       |
     6 + use sp_runtime::traits::UniqueSaturatedInto;
       |
  help: there is a method `saturated_into` with a similar name
       |
  1391 -                 gas_limit.unique_saturated_into(),
  1391 +                 gas_limit.saturated_into(),
       |

  error[E0061]: this function takes 14 arguments but 12 arguments were supplied
      --> /home/vinawizard/evm-partner-chain/partner-chains/demo/runtime/src/lib.rs:1387:4
       |
  1387 |               <Runtime as pallet_evm::Config>::Runner::create(
       |  _____________^^^^^^^^^^^^^^^^^^^^^^^^^^^^^^^^^^^^^^^^^^^^^^^-
  1388 | |                 from,
  1389 | |                 data,
  1390 | |                 value,
  ...    |
  1396 | |                 false, // is_transactional
       | |                 ----- expected `sidechain_domain::Vec<AuthorizationListItem>`, found `bool`
  1397 | |                 true, // validate
  1398 | |                 authorization_list.unwrap_or_default(),
       | |                 -------------------------------------- expected `bool`, found `sidechain_domain::Vec<AuthorizationListItem>`
  1399 | |                 config,
  1400 | |             ).map_err(|err| err.into())
       | |_____________- two arguments of type `core::option::Option<u64>` and `&EvmConfig` are missing
       |
  note: expected `Option<Weight>`, found `Option<EvmConfig>`
      --> /home/vinawizard/evm-partner-chain/partner-chains/demo/runtime/src/lib.rs:1399:5
       |
  1399 |                 config,
       |                 ^^^^^^
       = note: expected enum `core::option::Option<Weight>`
                  found enum `core::option::Option<EvmConfig>`
  note: associated function defined here
      --> /home/vinawizard/evm-partner-chain/frontier/frame/evm/src/runner/mod.rs:71:5
       |
    71 |     fn create(
       |        ^^^^^^
  help: did you mean
       |
  1387 -             <Runtime as pallet_evm::Config>::Runner::create(
  1388 -                 from,
  1389 -                 data,
  1390 -                 value,
  1391 -                 gas_limit.unique_saturated_into(),
  1392 -                 max_fee_per_gas,
  1393 -                 max_priority_fee_per_gas,
  1394 -                 nonce,
  1395 -                 access_list.unwrap_or_default(),
  1396 -                 false, // is_transactional
  1397 -                 true, // validate
  1398 -                 authorization_list.unwrap_or_default(),
  1399 -                 config,
  1400 -             ).map_err(|err| err.into())
  1387 +             <Runtime as pallet_evm::Config>::Runner::create(from, data, value, gas_limit.unique_saturated_into(), max_fee_per_gas, max_priority_fee_per_gas, nonce, access_list.unwrap_or_default(), authorization_list.unwrap_or_default(), true, false, /* core::option::Option<Weight> */, /* core::option::Option<u64> */, /* &EvmConfig */).map_err(|err| err.into())
       |

  error[E0277]: the trait bound `sp_runtime::DispatchError: From<RunnerError<pallet_evm::Error<Runtime>>>` is not satisfied
      --> /home/vinawizard/evm-partner-chain/partner-chains/demo/runtime/src/lib.rs:1400:24
       |
  1400 |             ).map_err(|err| err.into())
       |                                 ^^^^ the trait `From<RunnerError<pallet_evm::Error<Runtime>>>` is not implemented for `sp_runtime::DispatchError`
       |
       = help: the following other types implement trait `From<T>`:
                 `sp_runtime::DispatchError` implements `From<&str>`
                 `sp_runtime::DispatchError` implements `From<ArithmeticError>`
                 `sp_runtime::DispatchError` implements `From<TokenError>`
                 `sp_runtime::DispatchError` implements `From<TransactionalError>`
                 `sp_runtime::DispatchError` implements `From<TrieError>`
                 `sp_runtime::DispatchError` implements `From<frame_system::Error<T>>`
                 `sp_runtime::DispatchError` implements `From<pallet_address_associations::Error<T>>`
                 `sp_runtime::DispatchError` implements `From<pallet_balances::Error<T, I>>`
               and 13 others
       = note: required for `RunnerError<pallet_evm::Error<Runtime>>` to implement `Into<sp_runtime::DispatchError>`

  warning: unused import: `fp_self_contained::SelfContainedCall`
    --> /home/vinawizard/evm-partner-chain/partner-chains/demo/runtime/src/lib.rs:68:5
     |
  68 | use fp_self_contained::SelfContainedCall;
     |     ^^^^^^^^^^^^^^^^^^^^^^^^^^^^^^^^^^^^

  Some errors have detailed explanations: E0061, E0277, E0560, E0599.
  For more information about an error, try `rustc --explain E0061`.
  warning: `partner-chains-demo-runtime` (lib) generated 2 warnings
  error: could not compile `partner-chains-demo-runtime` (lib) due to 8 previous errors; 2 warnings emitted
warning: build failed, waiting for other jobs to finish...
